backend\.venv\Scripts\python.exe : Traceback (most 
recent call last):
At line:1 char:1
+ backend\.venv\Scripts\python.exe 
backend/tests/test_compression_detec ...
+ ~~~~~~~~~~~~~~~~~~~~~~~~~~~~~~~~~~~~~~~~~~~~~~~~~~~~~~
~~~~~~~~~~~~~~~
    + CategoryInfo          : NotSpecified: (Traceback  
   (most recent call last)::String) [], RemoteExceptio  
  n
    + FullyQualifiedErrorId : NativeCommandError
 
  File "E:\Agent_AI_Antigravity\CBX_StrategyV1\backend\t
ests\test_compression_detector.py", line 10, in <module>
    from app.strategy.compression_detector import 
CompressionDetector
  File "E:\Agent_AI_Antigravity\CBX_StrategyV1\backend\a
pp\strategy\compression_detector.py", line 3, in 
<module>
    from app.models.symbol import SymbolStrategyConfig
  File "E:\Agent_AI_Antigravity\CBX_StrategyV1\backend\a
pp\models\__init__.py", line 1, in <module>
    from app.models.symbol import SymbolRegistry, 
SymbolExchangeConfig, SymbolStrategyConfig, 
StrategyVersionHistory
  File "E:\Agent_AI_Antigravity\CBX_StrategyV1\backend\a
pp\models\symbol.py", line 5, in <module>
    from app.database import Base
  File "E:\Agent_AI_Antigravity\CBX_StrategyV1\backend\a
pp\database.py", line 2, in <module>
    from sqlalchemy import create_url
ImportError: cannot import name 'create_url' from 
'sqlalchemy' (E:\Agent_AI_Antigravity\CBX_StrategyV1\bac
kend\.venv\Lib\site-packages\sqlalchemy\__init__.py)
